随薪供	n	
零存整取	n	
财智星	n	
金芝麻	n	
金立方	n	
单证通	n	
兴业卡	n	
银银平台	n	
保理	v	
银商	n	
代保管	v	
代客	v	
售汇	n	
存管	v	
特惠商户	n	
银联通	n	
安全用卡	l	
商用房	n	
实盘	n	
速汇金	n	
网银	n	
网盾	n	
旅游贷	n	
简捷贷	n	
掉帐	v	
到账	v	
出入金	v	
出金	v	
入金	v	
申请单	n	
费率	n	
银证	n	
三方存管	l	
未达	v	
不知道	v	
菁资卡	n	
卡	n	
借贷合一卡	n	
理财卡	n	
境外	n	
吞卡	v	
卡总号	n	
预授权	v	
随兴贷	n	
账单日	n	
还款日	n	
临时信用额度	n	
应还款额	n	
挂失	v	
丢失	v	
弄丢	v	
丢了	v	
美元	n	
美金	n	
美钞	n	
申请	v	
申办	v	
办理	v	
近期	n	
最近	n	
这几天	n	
这些天	n	
还款	n	
还钱	n	
还借款	n	
还贷款	n	
渠道	n	
途径	n	
忘记	v	
遗忘	v	
记不住	v	
想不起	v	
想不起来	v	
计收	v	
收取	v	
计算	v	
区别	n	
不同	n	
不一样	n	
取款	v	
取钱	v	
评估	v	
估计	v	
评测	v	
评价	v	
限额	n	
额度	n	
封顶	n	
上限	n	
展期	n	
延期	n	
续期	n	
费用	n	
收费	n	
收钱	n	
多少钱	n	
资费	n	
修改	v	
更改	v	
调整	v	
查询	v	
查看	v	
查找	v	
咨询	v	
怎么看	v	
要求	n	
规则	n	
约定	n	
标准	n	
网银	n	
网上银行	n	
短信	n	
短信息	n	
短讯	n	
手机短信	n	
手机信息	n	
信息	n	
校验码	n	
验证码	n	
进不去	n	
不能进入	n	
还贷	v	
还贷款	v	
大额	a	
巨额	a	
预约	v	
预订	v	
预定	v	
到账	v	
到达	v	
收到	v	
多久	d	
多长时间	d	
多长	d	
时间	d	
币种	n	
货币种类	n	
种类	n	
定存	v	
定期存款	v	
证件	n	
身份证件	n	
身份证	n	
护照	n	
销户	v	
注销用户	v	
注销	v	
锁定	v	
被锁	v	
未达	v	
没收到	v	
未收到	v	
未寄到	v	
没寄到	v	
未到	v	
没到	v	
贵宾	n	
多张	mq	
多个	mq	
两个	mq	
几个	mq	
包括	v	
包含	v	
都有哪些	v	
有哪些	v	
管理费	n	
管理收费	n	
经管费	n	
手续费	n	
费率	n	
有效期	v	
有效时间	v	
有效	v	
损坏	v	
破损	v	
破坏	v	
不能用	v	
领卡	v	
领取卡片	v	
领取卡	v	
换卡	v	
换取卡片	v	
换卡片	v	
换取卡	v	
卡号	n	
卡总号	n	
卡片总号	n	
刷卡不过	l	
刷卡过不去	l	
不能刷卡	l	
不能刷	l	
礼品	n	
礼物	n	
赠品	n	
支付	v	
付钱	v	
付款	v	
失败	n	
没有成功	n	
不好使	n	
没成功	n	
异常	n	
故障	n	
还款期	n	
还款日	n	
无磁	a	
无磁性	a	
无密码	a	
无密	a	
应还款额	n	
应还款	n	
手机银行	n	
无抵押	n	
攻略	n	
融	n	
小编	n	
可贷额度	n	
可贷	v	
无房	a	
两步曲	n	
三步曲	n	
四步曲	n	
五步曲	n	
六步曲	n	
七步曲	n	
八步曲	n	
九部曲	n	
宜信	n	
宜信网	n	
拍拍贷	n	
红岭创投	n	
泰麟资本	n	
第一网贷	n	
融金所	n	
理想金融	n	
盛融在线	n	
速贷	n	
人人聚财	n	
贷贷网	n	
现佳创富	n	
微金互助	n	
团贷网	n	
投哪网	n	
恒信易贷	n	
金钥匙网贷	n	
多多智富	n	
新联在线	n	
融科贷	n	
人安资本	n	
微金在线	n	
合和年在线	n	
美贷网	n	
小牛在线	n	
汇通易贷	n	
投投贷	n	
智融会	n	
金海贷	n	
中大财富	n	
众人贷	n	
融信网	n	
融易融	n	
鑫天下财富	n	
圈圈贷	n	
通融易贷	n	
盛世创投	n	
立业贷	n	
友贷网	n	
前金所	n	
铭胜投资	n	
余额	n	
诺帮友信	n	
稳通金融	n	
财富网	n	
财大狮	n	
联金所	n	
合时代	n	
我企贷	n	
益民财富	n	
果树财富	n	
礼德财富	n	
诚汇通	n	
万家兄弟	n	
盈行	n	
融易投	n	
神州通宝	n	
资本在线	n	
旭日贷	n	
盛开网	n	
中汇在线	n	
钱来网	n	
高新盛	n	
河马在线	n	
友融金融	n	
瑞银贷	n	
基因创投	n	
闲钱宝	n	
共信赢	n	
信融财富	n	
微	n	
惠卡宝	n	
银豆网	n	
理财范	n	
易通贷	n	
爱投资	n	
盼贷网	n	
抱财网	n	
九斗鱼	n	
信和大金融	n	
好收益	n	
爱钱进	n	
惠人贷	n	
有利网	n	
龙贷	n	
阿朋贷	n	
速可贷	n	
合力贷	n	
恒昌财富	n	
微金所	n	
爱融网	n	
众信在线	n	
信诚贷	n	
惠宜投资	n	
融贝网	n	
民信贷	n	
人人贷	n	
翼龙贷	n	
安心贷	n	
财商通	n	
和信贷	n	
伯乐易贷	n	
粒粒贷	n	
携行网	n	
存利网	n	
小油菜理财	n	
银客网	n	
积木盒子	n	
花果金融	n	
银讯网	n	
广信贷	n	
中瑞财富	n	
聚投融	n	
贷乐网	n	
旺财	n	
存钱罐	n	
汇盈贷	n	
汇投资	n	
普天贷	n	
玖富微理财	n	
金信网	n	
玖信贷	n	
大同行	n	
爱钱帮	n	
一一贷	n	
云贷	n	
宜人贷	n	
微贷网	n	
义乌贷	n	
帮你	n	
财团网	n	
鼎信贷	n	
君茂财富	n	
温州贷	n	
爱贷网	n	
三信贷	n	
甬商贷	n	
人众金融	n	
中融资本	n	
和盛在线	n	
融金通	n	
联创财富	n	
丰达财富	n	
宏信创投	n	
涌金贷	n	
宁创贷	n	
卡趣网	n	
拓道好易贷	n	
融盛创投	n	
金联贷	n	
中贸易融	n	
草根新贷	n	
温商贷	n	
民民贷	n	
鑫合汇	n	
汇瑞财富	n	
商富贷	n	
信互贷	n	
融生在线	n	
超人贷	n	
草根投资	n	
惠信财富	n	
惠车贷	n	
一本贷	n	
陆金所	n	
沪商财富	n	
爱财客	n	
阳光借贷	n	
互利网	n	
你我贷	n	
证大	n	
爱投科技	n	
我爱我贷	n	
慧信贷	n	
快快贷	n	
星投资	n	
普资华企	n	
上网贷	n	
梧桐理财网	n	
星投资	n	
年享财富	n	
智富金融	n	
钱多多	n	
热贷网	n	
美好时贷	n	
点融网	n	
国诚金融	n	
永利宝	n	
贷	n	
融佳易贷	n	
诺诺镑客	n	
丁丁贷	n	
儒商贷	n	
拉手贷	n	
中宝财富	n	
蓝岸创投	n	
融易理财	n	
金源贷	n	
大众贷	n	
金源贷	n	
联信财富	n	
上咸	n	
久信	n	
开开贷	n	
易网贷	n	
世纪创想	n	
山东贷	n	
呱呱贷	n	
齐鲁人贷	n	
融讯网	n	
信和贷	n	
金谷网盈	n	
易利贷	n	
速帮经济	n	
起跑线贷	n	
友友贷	n	
聚宝网	n	
厦信贷	n	
拾财贷	n	
乐投贷	n	
搜好贷	n	
财佰通	n	
恒融财富	n	
易贷	n	
开鑫贷	n	
苏州贷	n	
民生创投	n	
标客	n	
瑞银创投	n	
紫枫信贷	n	
金陵财富	n	
沃时贷	n	
苏融贷	n	
农商信贷	n	
信贷	n	
四达投资	n	
邦融理财	n	
慧财网	n	
可信贷	n	
口贷网	n	
汇丰贷	n	
优信贷	n	
爱上理财	n	
八陆融通	n	
金诺鼎	n	
旭贷网	n	
易融贷	n	
一起好	n	
玖珑财富	n	
盈天下	n	
鄂汇金融	n	
飞速贷	n	
起点贷	n	
乐帮宜贷	n	
黄鹤财富	n	
易融恒信	n	
世宇财富	n	
民生贷	n	
月月贷	n	
国控小微	n	
河南贷	n	
商易贷	n	
新易贷	n	
中原贷	n	
联保投资网	n	
福易贷	n	
爱投网	n	
豫商贷	n	
巴菲贷	n	
真鑫贷	n	
凤凰网贷	n	
惠众金融	n	
壹心贷	n	
黑火金融	n	
融投贷	n	
人文贷	n	
帮友贷	n	
好乐易贷	n	
融贷通赢	n	
聚投网	n	
融易贷	n	
招财网	n	
量子贷	n	
资商贷	n	
金开贷	n	
安易融	n	
捷贷网	n	
满满贷	n	
开心贷	n	
点点贷	n	
惠富天下	n	
中纳联投	n	
汇富宝	n	
酷贷网	n	
安琪贷	n	
北方贷	n	
财迷中国	n	
闪电贷	n	
融易网	n	
好优贷	n	
力安创投	n	
汇通金融	n	
徽融通	n	
皖都金融	n	
中益信金融	n	
孔方兄	n	
小微	n	
同城人人贷	n	
富本速贷	n	
金发所	n	
乾贷网	n	
招商贷	n	
网借宝	n	
汇贷天下	n	
码头益	n	
普惠贷	n	
财源宝	n	
龙城易贷	n	
易贷	n	
易贷	n	
金融	n	
金融网	n	
金融超市	n	
一融网	n	
同城贷	n	
多钱网	n	
好贷网	n	
安易贷	n	
拍拍贷	n	
数银在线	n	
数银在线贷款超市	n	
易融网	n	
易贷	n	
易贷	n	
易贷中国	n	
易贷网	n	
易贷金融汇	n	
盼贷	n	
盼贷网	n	
立刻贷	n	
聚融	n	
聚融网	n	
融贷同城	n	
融道网	n	
贷得快	n	
资信客	n	
银率	n	
银率网	n	
马可贷	n	
马可贷款	n	
马可金融	n	
贷小秘	n	
融脉	n	
融脉网	n	
淘金记	n	
好贷	v	
信用贷	n	
宜人贷	n	
现贷派	n	
幸福时贷	n	
易达金	n	
爱分期	n	
宜车贷	n	
白领通	n	
新一贷	n	
诚易贷	n	
薪金贷	n	
业主贷	n	
新薪贷	n	
快易金	n	
随房贷	n	
楼易贷	n	
精英贷	n	
保单贷	n	
老板贷	n	
薪贷	n	
精英贷	n	
装修贷	n	
信易贷	n	
业主贷	n	
财智金	n	
工薪贷	n	
幸福时贷	n	
车主贷	n	
生意贷	n	
新一贷	n	
工薪贷	n	
新薪低	n	
金贷宝	n	
宜楼贷	n	
事业贷	n	
楼易贷	n	
贷贷卡	n	
现贷派	n	
助业贷	n	
房易贷	n	
押车贷	n	
商户贷	n	
车易贷	n	
物业贷	n	
物业贷	n	
工薪贷	n	
宜房贷	n	
好时代	n	
房抵贷	n	
生意通	n	
小微贷款	n	
快易融	n	
典速通	n	
杰银信联	n	
房易贷	n	
便利贷	n	
和益领航贷	n	
典车宝	n	
流水贷	n	
押车贷	n	
典易通	n	
阳光保险	n	
平安保险	n	
亚联财	n	
吉信贷款	n	
中安信业	n	
淘当铺	n	
递四方	n	
人人聚财	n	
平安金融	n	
信安易贷	n	
资华信远	n	
海润财富	n	
恒昌惠诚	n	
证大速贷	n	
正聚源通鼎	n	
恒昌惠诚	n	
万盛行担保	n	
阳光财险	n	
信和汇金	n	
资华信远	n	
水木润泽	n	
恒昌惠诚	n	
证大速贷	n	
中汇好贷宝	n	
泰和财富	n	
康诚世纪	n	
泰和财富	n	
吉信贷款	n	
中融德	n	
融宜宝	n	
融联伟业	n	
中企担保	n	
水木润泽	n	
杰银质押贷	n	
福元运通	n	
中金信投	n	
中盛宏达	n	
中融嘉业	n	
信和汇金	n	
徽商卓越金融	n	
仟源投资	n	
润泽贷款	n	
天朝元投资担保	n	
华融恒清	n	
信安成	n	
资华信远	n	
迅易贷	n	
聚宝卡	n	
安信投资	n	
同祥典当	n	
中京典当	n	
汇祥通典当	n	
永盛典当行	n	
德惠典当	n	
如家典当	n	
鑫敏恒永平典当	n	
冠京富邦典当	n	
宝瑞通典当	n	
办卡	v	
溢缴款	n	
滞纳金	n	
罚息	n	
还不上	v	
还不起	v	
还掉	v	
还款	v	
还清	v	
还贷	v	
买家电	v	
买家具	v	
工资	n	
拉卡拉	n	
小额贷	n	
小额贷款	n	
